1..14
not ok 1 AT-01.1 ws new scaffolds a protocol-3.0 node
# (from function `ws' in file tests/unit/claude_with_intent.bats, line 30,
#  in test file tests/unit/claude_with_intent.bats, line 35)
#   `ws new hv' failed
not ok 2 AT-01.4 hv is workstream zero (active) by default; working nodes paused
# (from function `ws' in file tests/unit/claude_with_intent.bats, line 30,
#  in test file tests/unit/claude_with_intent.bats, line 47)
#   `ws new hv' failed
not ok 3 AT-01.2 ws new refuses an existing wsid with no mutation
# (from function `ws' in file tests/unit/claude_with_intent.bats, line 30,
#  in test file tests/unit/claude_with_intent.bats, line 54)
#   `ws new cc' failed
not ok 4 AT-01.3 ws new rejects invalid ids with no partial scaffold
# (from function `assert_success' in file tests/unit/../lib/test_helper.bash, line 132,
#  in test file tests/unit/claude_with_intent.bats, line 70)
#   `assert_success' failed
# Expected command to succeed, but it failed with status 1
# Output:
not ok 5 AT-01.5 ws list prints one line per node from frontmatter, no writes
# (from function `ws' in file tests/unit/claude_with_intent.bats, line 30,
#  in test file tests/unit/claude_with_intent.bats, line 75)
#   `ws new hv' failed
not ok 6 AT-02.1 start assembles the verified claude argv (dry-run)
# (from function `ws' in file tests/unit/claude_with_intent.bats, line 30,
#  in test file tests/unit/claude_with_intent.bats, line 89)
#   `ws new hv' failed
not ok 7 AT-02.2 compose_ctx carries identity + pickup + plan instruction, not the board
# (from function `ws' in file tests/unit/claude_with_intent.bats, line 30,
#  in test file tests/unit/claude_with_intent.bats, line 98)
#   `ws new hv' failed
not ok 8 AT-02.3 provision-if-absent: n exits clean (no mutation), y scaffolds then launches
# (from function `ws' in file tests/unit/claude_with_intent.bats, line 30,
#  in test file tests/unit/claude_with_intent.bats, line 108)
#   `ws new hv' failed
not ok 9 AT-03.1 ws archive retires a node, history intact, gone from list
# (from function `ws' in file tests/unit/claude_with_intent.bats, line 30,
#  in test file tests/unit/claude_with_intent.bats, line 120)
#   `ws new hv' failed
not ok 10 AT-03.2 ws hygiene flags a corrupted fixture non-zero with a report
# (from function `ws' in file tests/unit/claude_with_intent.bats, line 30,
#  in test file tests/unit/claude_with_intent.bats, line 132)
#   `ws new hv' failed
not ok 11 AT-03.3 ws hygiene leaves DOING content untouched
# (from function `ws' in file tests/unit/claude_with_intent.bats, line 30,
#  in test file tests/unit/claude_with_intent.bats, line 141)
#   `ws new hv' failed
not ok 12 AT-03.4 ws hygiene passes a clean board (zero exit, no mutation)
# (from function `ws' in file tests/unit/claude_with_intent.bats, line 30,
#  in test file tests/unit/claude_with_intent.bats, line 149)
#   `ws new hv' failed
not ok 13 AT-04.1 invocable as intent claude start|ws through the dispatch
# (from function `ws' in file tests/unit/claude_with_intent.bats, line 30,
#  in test file tests/unit/claude_with_intent.bats, line 162)
#   `ws new hv' failed
ok 14 AT-04.2 in-whiteboard skill points at the script with no lazy-inbox drift (SSOT)
