1..7
ok 1 in-whiteboard SKILL.md has no live 2.0 references
ok 2 chaining skills reference 3.0 subcommands and no shipped doc hard-codes the flat-file model
not ok 3 a focus quoting a phrase is valid and renders with its quotes intact
# (from function `assert_success' in file tests/unit/../lib/test_helper.bash, line 132,
#  from function `wb_project' in file tests/unit/whiteboard_protocol_3_guard.bats, line 65,
#  in test file tests/unit/whiteboard_protocol_3_guard.bats, line 72)
#   `wb_project' failed
# Expected command to succeed, but it failed with status 1
# Output:
not ok 4 hygiene rejects a value that is not a single line
# (from function `assert_success' in file tests/unit/../lib/test_helper.bash, line 132,
#  from function `wb_project' in file tests/unit/whiteboard_protocol_3_guard.bats, line 65,
#  in test file tests/unit/whiteboard_protocol_3_guard.bats, line 98)
#   `wb_project' failed
# Expected command to succeed, but it failed with status 1
# Output:
not ok 5 hygiene rejects a board with no header block at all
# (from function `assert_success' in file tests/unit/../lib/test_helper.bash, line 132,
#  from function `wb_project' in file tests/unit/whiteboard_protocol_3_guard.bats, line 65,
#  in test file tests/unit/whiteboard_protocol_3_guard.bats, line 114)
#   `wb_project' failed
# Expected command to succeed, but it failed with status 1
# Output:
not ok 6 a missing recommended key warns without failing the gate
# (from function `assert_success' in file tests/unit/../lib/test_helper.bash, line 132,
#  from function `wb_project' in file tests/unit/whiteboard_protocol_3_guard.bats, line 65,
#  in test file tests/unit/whiteboard_protocol_3_guard.bats, line 122)
#   `wb_project' failed
# Expected command to succeed, but it failed with status 1
# Output:
ok 7 the skill declares the block NOT YAML and the tool agrees
