1..9
ok 1 swift pack: every catalogued rule exists
ok 2 swift pack has the expected total rule count
ok 3 swift pack: each rule declares its canonical id
ok 4 swift pack: each rule declares language: swift
not ok 5 swift pack: each rule passes intent claude rules validate
# (from function `assert_success' in file tests/unit/../lib/test_helper.bash, line 132,
#  in test file tests/unit/rule_pack_swift.bats, line 66)
#   `assert_success' failed
# Expected command to succeed, but it failed with status 1
# Output:
not ok 6 swift pack: rules list reports every swift id
# (from function `assert_success' in file tests/unit/../lib/test_helper.bash, line 132,
#  in test file tests/unit/rule_pack_swift.bats, line 73)
#   `assert_success' failed
# Expected command to succeed, but it failed with status 1
# Output:
ok 7 swift pack: each rule has a fenced swift code block in Bad section
ok 8 swift pack: each rule has a fenced swift code block in Good section
ok 9 swift pack: no sibling .swift files alongside RULE.md
