1..22
not ok 1 update projects threads and WPs into DOING/TODO/DONE buckets
# (from function `assert_success' in file tests/unit/../lib/test_helper.bash, line 132,
#  in test file tests/unit/intent_todo.bats, line 60)
#   `assert_success' failed
# Expected command to succeed, but it failed with status 1
# Output:
not ok 2 checkbox glyphs map each status
# (from function `run_intent' in file tests/unit/../lib/test_helper.bash, line 114,
#  in test file tests/unit/intent_todo.bats, line 70)
#   `run_intent todo update' failed
not ok 3 non-canonical status string renders its real glyph, not [?] (issue 0002)
# (from function `run_intent' in file tests/unit/../lib/test_helper.bash, line 114,
#  in test file tests/unit/intent_todo.bats, line 84)
#   `run_intent todo update' failed
not ok 4 DONE bucket self-sweeps to today (older completions drop off)
# (from function `run_intent' in file tests/unit/../lib/test_helper.bash, line 114,
#  in test file tests/unit/intent_todo.bats, line 92)
#   `run_intent todo update' failed
not ok 5 on-hold thread is tagged in DOING
# (from function `run_intent' in file tests/unit/../lib/test_helper.bash, line 114,
#  in test file tests/unit/intent_todo.bats, line 100)
#   `run_intent todo update' failed
not ok 6 todo.md is a generator marker + bucket headings + data (no human title/legend/provenance)
# (from function `run_intent' in file tests/unit/../lib/test_helper.bash, line 114,
#  in test file tests/unit/intent_todo.bats, line 106)
#   `run_intent todo update' failed
not ok 7 update refuses to overwrite a foreign (utilz todo) file
# (from function `assert_output_contains' in file tests/unit/../lib/test_helper.bash, line 123,
#  in test file tests/unit/intent_todo.bats, line 126)
#   `assert_output_contains "refusing to overwrite"' failed
# Expected output to contain: refusing to overwrite
# Actual output:
not ok 8 update refuses a utilz file that predates the marker (title/history frontmatter)
# (from function `assert_output_contains' in file tests/unit/../lib/test_helper.bash, line 123,
#  in test file tests/unit/intent_todo.bats, line 136)
#   `assert_output_contains "foreign frontmatter"' failed
# Expected output to contain: foreign frontmatter
# Actual output:
not ok 9 update regenerates a legacy intent file (no frontmatter) and stamps the marker
# (from function `assert_success' in file tests/unit/../lib/test_helper.bash, line 132,
#  in test file tests/unit/intent_todo.bats, line 144)
#   `assert_success' failed
# Expected command to succeed, but it failed with status 1
# Output:
not ok 10 output is prettier-stable
# (from function `run_intent' in file tests/unit/../lib/test_helper.bash, line 114,
#  in test file tests/unit/intent_todo.bats, line 152)
#   `run_intent todo update' failed
not ok 11 list prints the file and help shows usage
# (from function `assert_success' in file tests/unit/../lib/test_helper.bash, line 132,
#  in test file tests/unit/intent_todo.bats, line 162)
#   `assert_success' failed
# Expected command to succeed, but it failed with status 1
# Output:
not ok 12 --json emits a valid keyed-by-bucket structure
# (from function `assert_success' in file tests/unit/../lib/test_helper.bash, line 132,
#  in test file tests/unit/intent_todo.bats, line 171)
#   `assert_success' failed
# Expected command to succeed, but it failed with status 1
# Output:
not ok 13 done marks a thread done (via intent st done) and regenerates
# (from function `assert_success' in file tests/unit/../lib/test_helper.bash, line 132,
#  in test file tests/unit/intent_todo.bats, line 187)
#   `assert_success' failed
# Expected command to succeed, but it failed with status 1
# Output:
not ok 14 done inherits the acceptance close-gate: a BLOCKED contract is refused
# (from function `assert_output_contains' in file tests/unit/../lib/test_helper.bash, line 123,
#  in test file tests/unit/intent_todo.bats, line 200)
#   `assert_output_contains "BLOCKED"' failed
# Expected output to contain: BLOCKED
# Actual output:
not ok 15 notdone reopens a completed thread to WIP
# (from function `assert_success' in file tests/unit/../lib/test_helper.bash, line 132,
#  in test file tests/unit/intent_todo.bats, line 210)
#   `assert_success' failed
# Expected command to succeed, but it failed with status 1
# Output:
not ok 16 toggle flips done/not-done from the current status
# (from function `assert_success' in file tests/unit/../lib/test_helper.bash, line 132,
#  in test file tests/unit/intent_todo.bats, line 222)
#   `assert_success' failed
# Expected command to succeed, but it failed with status 1
# Output:
not ok 17 st done stamps completed: as an ISO 8601 UTC timestamp
# (from function `assert_success' in file tests/unit/../lib/test_helper.bash, line 132,
#  in test file tests/unit/intent_todo.bats, line 239)
#   `assert_success' failed
# Expected command to succeed, but it failed with status 1
# Output:
not ok 18 DONE bucket is watermarked and lists completions at/after it
# (from function `run_intent' in file tests/unit/../lib/test_helper.bash, line 114,
#  in test file tests/unit/intent_todo.bats, line 248)
#   `run_intent todo update' failed
not ok 19 done --flush advances the watermark and empties DONE; real status untouched
# (from function `run_intent' in file tests/unit/../lib/test_helper.bash, line 114,
#  in test file tests/unit/intent_todo.bats, line 260)
#   `run_intent todo update' failed
not ok 20 done --prune emits the pruned items then flushes
# (from function `run_intent' in file tests/unit/../lib/test_helper.bash, line 114,
#  in test file tests/unit/intent_todo.bats, line 272)
#   `run_intent todo update' failed
not ok 21 todo is registered in the intent help listing
# (from function `assert_success' in file tests/unit/../lib/test_helper.bash, line 132,
#  in test file tests/unit/intent_todo.bats, line 288)
#   `assert_success' failed
# Expected command to succeed, but it failed with status 1
# Output:
not ok 22 intent todo dispatches via bin/intent's default fall-through
# (from function `assert_success' in file tests/unit/../lib/test_helper.bash, line 132,
#  in test file tests/unit/intent_todo.bats, line 297)
#   `assert_success' failed
# Expected command to succeed, but it failed with status 1
# Output:
