1..13
not ok 1 subagents list shows ext subagents when INTENT_EXT_DIR is set
# (from function `assert_success' in file tests/unit/../lib/test_helper.bash, line 132,
#  in test file tests/unit/ext_discovery.bats, line 16)
#   `assert_success' failed
# Expected command to succeed, but it failed with status 1
# Output:
not ok 2 subagents list tags shadowed canon names with shadows-canon marker
# (from function `assert_success' in file tests/unit/../lib/test_helper.bash, line 132,
#  in test file tests/unit/ext_discovery.bats, line 25)
#   `assert_success' failed
# Expected command to succeed, but it failed with status 1
# Output:
not ok 3 INTENT_EXT_DISABLE=1 suppresses ext discovery in subagents list
# (from function `assert_success' in file tests/unit/../lib/test_helper.bash, line 132,
#  in test file tests/unit/ext_discovery.bats, line 33)
#   `assert_success' failed
# Expected command to succeed, but it failed with status 1
# Output:
not ok 4 subagents list still shows canon agents when ext is set
# (from function `assert_success' in file tests/unit/../lib/test_helper.bash, line 132,
#  in test file tests/unit/ext_discovery.bats, line 42)
#   `assert_success' failed
# Expected command to succeed, but it failed with status 1
# Output:
not ok 5 skills list shows ext skills when INTENT_EXT_DIR is set
# (from function `assert_success' in file tests/unit/../lib/test_helper.bash, line 132,
#  in test file tests/unit/ext_discovery.bats, line 55)
#   `assert_success' failed
# Expected command to succeed, but it failed with status 1
# Output:
not ok 6 INTENT_EXT_DISABLE=1 suppresses ext skill discovery
# (from function `assert_success' in file tests/unit/../lib/test_helper.bash, line 132,
#  in test file tests/unit/ext_discovery.bats, line 65)
#   `assert_success' failed
# Expected command to succeed, but it failed with status 1
# Output:
not ok 7 skills list still shows canon skills when ext is set
# (from function `assert_success' in file tests/unit/../lib/test_helper.bash, line 132,
#  in test file tests/unit/ext_discovery.bats, line 73)
#   `assert_success' failed
# Expected command to succeed, but it failed with status 1
# Output:
not ok 8 claude rules list enumerates ext rules with ext provenance tag
# (from function `assert_success' in file tests/unit/../lib/test_helper.bash, line 132,
#  in test file tests/unit/ext_discovery.bats, line 85)
#   `assert_success' failed
# Expected command to succeed, but it failed with status 1
# Output:
not ok 9 INTENT_EXT_DISABLE=1 suppresses ext rule discovery
# (from function `assert_success' in file tests/unit/../lib/test_helper.bash, line 132,
#  in test file tests/unit/ext_discovery.bats, line 94)
#   `assert_success' failed
# Expected command to succeed, but it failed with status 1
# Output:
not ok 10 subagents show on a shadowed name emits shadow warning
# (in test file tests/unit/ext_discovery.bats, line 106)
#   `[[ "$output" == *"shadowed"* ]] || [[ "$output" == *"shadows canon"* ]]' failed
not ok 11 INTENT_EXT_DIR pointing at a nonexistent dir does not crash list commands
# (from function `assert_success' in file tests/unit/../lib/test_helper.bash, line 132,
#  in test file tests/unit/ext_discovery.bats, line 116)
#   `assert_success' failed
# Expected command to succeed, but it failed with status 1
# Output:
not ok 12 INTENT_EXT_DIR pointing at an empty dir reports empty extensions
# (from function `assert_success' in file tests/unit/../lib/test_helper.bash, line 132,
#  in test file tests/unit/ext_discovery.bats, line 126)
#   `assert_success' failed
# Expected command to succeed, but it failed with status 1
# Output:
not ok 13 ext enumeration skips dotfile and underscore directories
# (from function `assert_success' in file tests/unit/../lib/test_helper.bash, line 132,
#  in test file tests/unit/ext_discovery.bats, line 161)
#   `assert_success' failed
# Expected command to succeed, but it failed with status 1
# Output:
