1..19
not ok 1 claude subagents list includes diogenes
# (from function `assert_success' in file tests/unit/../lib/test_helper.bash, line 132,
#  in test file tests/unit/test_diogenes.bats, line 33)
#   `assert_success' failed
# Expected command to succeed, but it failed with status 1
# Output:
not ok 2 claude subagents list shows diogenes description
# (from function `assert_success' in file tests/unit/../lib/test_helper.bash, line 132,
#  in test file tests/unit/test_diogenes.bats, line 39)
#   `assert_success' failed
# Expected command to succeed, but it failed with status 1
# Output:
not ok 3 claude subagents install diogenes installs successfully
# (from function `assert_success' in file tests/unit/../lib/test_helper.bash, line 132,
#  in test file tests/unit/test_diogenes.bats, line 50)
#   `assert_success' failed
# Expected command to succeed, but it failed with status 1
# Output:
not ok 4 claude subagents install diogenes creates manifest entry
# (from function `assert_success' in file tests/unit/../lib/test_helper.bash, line 132,
#  in test file tests/unit/test_diogenes.bats, line 63)
#   `assert_success' failed
# Expected command to succeed, but it failed with status 1
# Output:
not ok 5 claude subagents install diogenes file has correct content
# (from function `assert_success' in file tests/unit/../lib/test_helper.bash, line 132,
#  in test file tests/unit/test_diogenes.bats, line 77)
#   `assert_success' failed
# Expected command to succeed, but it failed with status 1
# Output:
not ok 6 claude subagents show diogenes displays metadata
# (from function `assert_success' in file tests/unit/../lib/test_helper.bash, line 132,
#  in test file tests/unit/test_diogenes.bats, line 91)
#   `assert_success' failed
# Expected command to succeed, but it failed with status 1
# Output:
not ok 7 claude subagents sync detects diogenes as up-to-date
# (from function `assert_success' in file tests/unit/../lib/test_helper.bash, line 132,
#  in test file tests/unit/test_diogenes.bats, line 103)
#   `assert_success' failed
# Expected command to succeed, but it failed with status 1
# Output:
not ok 8 claude subagents sync detects diogenes modification
# (from function `assert_success' in file tests/unit/../lib/test_helper.bash, line 132,
#  in test file tests/unit/test_diogenes.bats, line 115)
#   `assert_success' failed
# Expected command to succeed, but it failed with status 1
# Output:
not ok 9 claude subagents uninstall diogenes removes the file
# (from function `assert_success' in file tests/unit/../lib/test_helper.bash, line 132,
#  in test file tests/unit/test_diogenes.bats, line 135)
#   `assert_success' failed
# Expected command to succeed, but it failed with status 1
# Output:
not ok 10 claude skills list includes in-elixir-testing
# (from function `assert_success' in file tests/unit/../lib/test_helper.bash, line 132,
#  in test file tests/unit/test_diogenes.bats, line 151)
#   `assert_success' failed
# Expected command to succeed, but it failed with status 1
# Output:
not ok 11 claude skills list shows in-elixir-testing description
# (from function `assert_success' in file tests/unit/../lib/test_helper.bash, line 132,
#  in test file tests/unit/test_diogenes.bats, line 157)
#   `assert_success' failed
# Expected command to succeed, but it failed with status 1
# Output:
not ok 12 claude skills install in-elixir-testing installs successfully
# (from function `assert_success' in file tests/unit/../lib/test_helper.bash, line 132,
#  in test file tests/unit/test_diogenes.bats, line 168)
#   `assert_success' failed
# Expected command to succeed, but it failed with status 1
# Output:
not ok 13 claude skills install in-elixir-testing creates manifest entry
# (from function `assert_success' in file tests/unit/../lib/test_helper.bash, line 132,
#  in test file tests/unit/test_diogenes.bats, line 181)
#   `assert_success' failed
# Expected command to succeed, but it failed with status 1
# Output:
not ok 14 claude skills install in-elixir-testing file has correct content
# (from function `assert_success' in file tests/unit/../lib/test_helper.bash, line 132,
#  in test file tests/unit/test_diogenes.bats, line 195)
#   `assert_success' failed
# Expected command to succeed, but it failed with status 1
# Output:
not ok 15 claude skills install --all includes in-elixir-testing
# (from function `assert_success' in file tests/unit/../lib/test_helper.bash, line 132,
#  in test file tests/unit/test_diogenes.bats, line 208)
#   `assert_success' failed
# Expected command to succeed, but it failed with status 1
# Output:
not ok 16 claude skills show in-elixir-testing displays content
# (from function `assert_success' in file tests/unit/../lib/test_helper.bash, line 132,
#  in test file tests/unit/test_diogenes.bats, line 222)
#   `assert_success' failed
# Expected command to succeed, but it failed with status 1
# Output:
not ok 17 claude skills sync detects in-elixir-testing as up-to-date
# (from function `assert_success' in file tests/unit/../lib/test_helper.bash, line 132,
#  in test file tests/unit/test_diogenes.bats, line 234)
#   `assert_success' failed
# Expected command to succeed, but it failed with status 1
# Output:
not ok 18 claude skills sync detects in-elixir-testing modification
# (from function `assert_success' in file tests/unit/../lib/test_helper.bash, line 132,
#  in test file tests/unit/test_diogenes.bats, line 246)
#   `assert_success' failed
# Expected command to succeed, but it failed with status 1
# Output:
not ok 19 claude skills uninstall in-elixir-testing removes the file
# (from function `assert_success' in file tests/unit/../lib/test_helper.bash, line 132,
#  in test file tests/unit/test_diogenes.bats, line 265)
#   `assert_success' failed
# Expected command to succeed, but it failed with status 1
# Output:
