1..10
ok 1 the shipped .claude/ template carries no absolute home path
ok 2 this project's own TRACKED .claude/ stack carries no absolute home path
ok 3 settings.json needs no substitution and is byte-identical to the template
ok 4 the canon engine has no INTENT_HOME substitution left to reintroduce it
not ok 5 a scaffolded project's hooks are portable and actually run
# (in test file tests/unit/no_absolute_home_paths.bats, line 68)
#   `[ -f .claude/settings.json ]' failed
not ok 6 the hook runner passes stdin and the exit code through untouched
# (in test file tests/unit/no_absolute_home_paths.bats, line 81)
#   `[ "$status" -eq 2 ]' failed
ok 7 the treeindex cache is not tracked, and the ignore rule keeps it that way
not ok 8 the canon gitignore seam carries the treeindex rule to a consumer
# (from function `assert_output' in file tests/unit/../lib/test_helper.bash, line 206,
#  in test file tests/unit/no_absolute_home_paths.bats, line 115)
#   `assert_output "1"' failed
# Expected output: 1
# Actual output: 0
not ok 9 an already-tracked consumer cache is REPORTED, never untracked for them
# (from function `assert_output_contains' in file tests/unit/../lib/test_helper.bash, line 123,
#  in test file tests/unit/no_absolute_home_paths.bats, line 139)
#   `assert_output_contains "tracked file(s) under intent/.treeindex/"' failed
# Expected output to contain: tracked file(s) under intent/.treeindex/
# Actual output:
not ok 10 an unknown hook name is refused by name, not left to the shell
# (from function `assert_output_contains' in file tests/unit/../lib/test_helper.bash, line 123,
#  in test file tests/unit/no_absolute_home_paths.bats, line 150)
#   `assert_output_contains "unknown hook"' failed
# Expected output to contain: unknown hook
# Actual output:
