1..13
not ok 1 init uses directory name if no project name given
# (from function `assert_success' in file tests/unit/../lib/test_helper.bash, line 132,
#  in test file tests/unit/init_commands.bats, line 12)
#   `assert_success' failed
# Expected command to succeed, but it failed with status 1
# Output:
not ok 2 init creates a project in the current directory by default
# (from function `assert_success' in file tests/unit/../lib/test_helper.bash, line 132,
#  in test file tests/unit/init_commands.bats, line 26)
#   `assert_success' failed
# Expected command to succeed, but it failed with status 1
# Output:
not ok 3 init creates a project in a specified directory
# (from function `assert_success' in file tests/unit/../lib/test_helper.bash, line 132,
#  in test file tests/unit/init_commands.bats, line 54)
#   `assert_success' failed
# Expected command to succeed, but it failed with status 1
# Output:
not ok 4 init creates proper configuration file
# (from function `assert_success' in file tests/unit/../lib/test_helper.bash, line 132,
#  in test file tests/unit/init_commands.bats, line 72)
#   `assert_success' failed
# Expected command to succeed, but it failed with status 1
# Output:
not ok 5 init creates required project files
# (from function `assert_success' in file tests/unit/../lib/test_helper.bash, line 132,
#  in test file tests/unit/init_commands.bats, line 94)
#   `assert_success' failed
# Expected command to succeed, but it failed with status 1
# Output:
not ok 6 init fails on existing Intent project
# (from function `assert_output_contains' in file tests/unit/../lib/test_helper.bash, line 123,
#  in test file tests/unit/init_commands.bats, line 115)
#   `assert_output_contains "already an Intent project"' failed
# Expected output to contain: already an Intent project
# Actual output:
not ok 7 init creates proper directory permissions
# (from function `assert_success' in file tests/unit/../lib/test_helper.bash, line 132,
#  in test file tests/unit/init_commands.bats, line 129)
#   `assert_success' failed
# Expected command to succeed, but it failed with status 1
# Output:
not ok 8 init --with-st0000 creates project with ST0000 deliverables
# (from function `assert_success' in file tests/unit/../lib/test_helper.bash, line 132,
#  in test file tests/unit/init_commands.bats, line 154)
#   `assert_success' failed
# Expected command to succeed, but it failed with status 1
# Output:
not ok 9 init --with-st0000 flag works before project name
# (from function `assert_success' in file tests/unit/../lib/test_helper.bash, line 132,
#  in test file tests/unit/init_commands.bats, line 176)
#   `assert_success' failed
# Expected command to succeed, but it failed with status 1
# Output:
not ok 10 init without --with-st0000 does not run ST0000 bootstrap
# (from function `assert_success' in file tests/unit/../lib/test_helper.bash, line 132,
#  in test file tests/unit/init_commands.bats, line 190)
#   `assert_success' failed
# Expected command to succeed, but it failed with status 1
# Output:
not ok 11 init --with-st0000 installs Elixir deliverables when mix.exs present
# (from function `assert_success' in file tests/unit/../lib/test_helper.bash, line 132,
#  in test file tests/unit/init_commands.bats, line 209)
#   `assert_success' failed
# Expected command to succeed, but it failed with status 1
# Output:
not ok 12 init respects author from git config
# (from function `assert_success' in file tests/unit/../lib/test_helper.bash, line 132,
#  in test file tests/unit/init_commands.bats, line 227)
#   `assert_success' failed
# Expected command to succeed, but it failed with status 1
# Output:
ok 13 interactive agent install routes through the claude subagents dispatcher
